Using device: mps
[A] epoch  1  train loss 1.4126  val loss 1.1984  val acc 0.5626  (4.6s)
[A] epoch  2  train loss 1.1008  val loss 1.0785  val acc 0.6202  (3.9s)
[A] epoch  3  train loss 0.9540  val loss 1.0461  val acc 0.6294  (3.5s)
[A] epoch  4  train loss 0.8461  val loss 1.0060  val acc 0.6472  (3.2s)
[A] epoch  5  train loss 0.7539  val loss 0.9995  val acc 0.6478  (4.2s)
[A] epoch  6  train loss 0.6756  val loss 1.0323  val acc 0.6498  (3.5s)
[A] epoch  7  train loss 0.5968  val loss 1.0528  val acc 0.6604  (4.0s)
[A] epoch  8  train loss 0.5275  val loss 1.0993  val acc 0.6638  (4.6s)
[A] epoch  9  train loss 0.4599  val loss 1.1661  val acc 0.6480  (4.0s)
[A] epoch 10  train loss 0.4007  val loss 1.2083  val acc 0.6550  (4.0s)
[A] epoch 11  train loss 0.3530  val loss 1.2833  val acc 0.6460  (4.3s)
[A] epoch 12  train loss 0.2969  val loss 1.3786  val acc 0.6504  (3.7s)
[A] epoch 13  train loss 0.2557  val loss 1.5528  val acc 0.6422  (4.0s)
[A] epoch 14  train loss 0.2211  val loss 1.6829  val acc 0.6400  (3.9s)
[A] epoch 15  train loss 0.1931  val loss 1.7190  val acc 0.6438  (3.8s)
[A] epoch 16  train loss 0.1630  val loss 1.8982  val acc 0.6424  (4.1s)
[A] epoch 17  train loss 0.1521  val loss 1.9619  val acc 0.6466  (4.3s)
[A] epoch 18  train loss 0.1292  val loss 2.1020  val acc 0.6426  (4.3s)
[A] epoch 19  train loss 0.1240  val loss 2.2062  val acc 0.6372  (3.9s)
[A] epoch 20  train loss 0.1150  val loss 2.3054  val acc 0.6424  (3.9s)
A: Shallow (1 conv, 5x5, max): 526,922 params, 80s, test acc 62.96% (best-val checkpoint 65.94%)
[B] epoch  1  train loss 1.5080  val loss 1.2433  val acc 0.5548  (6.4s)
[B] epoch  2  train loss 1.1305  val loss 1.0417  val acc 0.6190  (5.6s)
[B] epoch  3  train loss 0.9574  val loss 0.9213  val acc 0.6762  (5.7s)
[B] epoch  4  train loss 0.8389  val loss 0.8320  val acc 0.7016  (5.6s)
[B] epoch  5  train loss 0.7469  val loss 0.8268  val acc 0.7030  (5.7s)
[B] epoch  6  train loss 0.6682  val loss 0.7620  val acc 0.7346  (5.7s)
[B] epoch  7  train loss 0.5964  val loss 0.7432  val acc 0.7378  (5.7s)
[B] epoch  8  train loss 0.5381  val loss 0.7512  val acc 0.7436  (5.7s)
[B] epoch  9  train loss 0.4836  val loss 0.7080  val acc 0.7590  (6.0s)
[B] epoch 10  train loss 0.4287  val loss 0.7687  val acc 0.7468  (5.8s)
[B] epoch 11  train loss 0.3800  val loss 0.7681  val acc 0.7522  (5.7s)
[B] epoch 12  train loss 0.3344  val loss 0.8327  val acc 0.7534  (5.7s)
[B] epoch 13  train loss 0.2892  val loss 0.8425  val acc 0.7624  (5.7s)
[B] epoch 14  train loss 0.2506  val loss 0.8995  val acc 0.7580  (5.8s)
[B] epoch 15  train loss 0.2173  val loss 1.0118  val acc 0.7544  (5.8s)
[B] epoch 16  train loss 0.1942  val loss 1.0220  val acc 0.7564  (5.7s)
[B] epoch 17  train loss 0.1639  val loss 1.0576  val acc 0.7624  (5.7s)
[B] epoch 18  train loss 0.1445  val loss 1.1396  val acc 0.7528  (5.7s)
[B] epoch 19  train loss 0.1324  val loss 1.2004  val acc 0.7374  (5.7s)
[B] epoch 20  train loss 0.1189  val loss 1.2377  val acc 0.7662  (5.7s)
B: Medium (3 conv, 3x3, avg): 356,810 params, 115s, test acc 74.67% (best-val checkpoint 74.67%)
[C] epoch  1  train loss 1.5122  val loss 1.2657  val acc 0.5568  (29.1s)
[C] epoch  2  train loss 0.9543  val loss 0.8312  val acc 0.7060  (28.6s)
[C] epoch  3  train loss 0.7179  val loss 0.6825  val acc 0.7574  (28.5s)
[C] epoch  4  train loss 0.5739  val loss 0.7128  val acc 0.7584  (28.5s)
[C] epoch  5  train loss 0.4589  val loss 0.6249  val acc 0.7910  (28.5s)
[C] epoch  6  train loss 0.3522  val loss 0.6666  val acc 0.7806  (28.2s)
[C] epoch  7  train loss 0.2760  val loss 0.7554  val acc 0.7746  (28.0s)
[C] epoch  8  train loss 0.2281  val loss 0.7950  val acc 0.7882  (28.0s)
[C] epoch  9  train loss 0.1784  val loss 0.8696  val acc 0.7794  (27.9s)
[C] epoch 10  train loss 0.1524  val loss 0.8720  val acc 0.7774  (28.0s)
[C] epoch 11  train loss 0.1419  val loss 0.9943  val acc 0.7750  (27.9s)
[C] epoch 12  train loss 0.1139  val loss 1.1255  val acc 0.7660  (27.9s)
[C] epoch 13  train loss 0.1143  val loss 1.0512  val acc 0.7778  (28.1s)
[C] epoch 14  train loss 0.1104  val loss 1.1014  val acc 0.7816  (28.0s)
[C] epoch 15  train loss 0.1014  val loss 1.2514  val acc 0.7750  (28.0s)
[C] epoch 16  train loss 0.0990  val loss 1.2003  val acc 0.7778  (27.9s)
[C] epoch 17  train loss 0.0996  val loss 1.2798  val acc 0.7808  (28.0s)
[C] epoch 18  train loss 0.0909  val loss 1.2067  val acc 0.7762  (28.0s)
[C] epoch 19  train loss 0.0934  val loss 1.2871  val acc 0.7886  (28.0s)
[C] epoch 20  train loss 0.0912  val loss 1.3685  val acc 0.7744  (28.0s)
C: Deep VGG-style (6 conv, 3x3, max): 1,671,114 params, 563s, test acc 77.47% (best-val checkpoint 79.24%)

| Architecture | Layers | Parameters | Training time (s) | Test acc (epoch 20) | Test acc (best-val epoch) |
|---|---|---|---|---|---|
| A: Shallow (1 conv, 5x5, max) | conv5x5(16) -> maxpool | 526,922 | 80 | 62.96% | 65.94% (ep 8) |
| B: Medium (3 conv, 3x3, avg) | conv3x3(32) -> avgpool -> conv3x3(64) -> avgpool -> conv3x3(128) -> avgpool | 356,810 | 115 | 74.67% | 74.67% (ep 20) |
| C: Deep VGG-style (6 conv, 3x3, max) | [conv3x3(64) x2 -> maxpool] -> [conv3x3(128) x2 -> maxpool] -> [conv3x3(256) x2 -> maxpool] | 1,671,114 | 563 | 77.47% | 79.24% (ep 5) |
| 3A basic CNN (reference) | conv3x3(32) -> maxpool -> conv3x3(64) -> maxpool | 545,098 | 108 | 69.59% | 71.19% (ep 7) |
